Archive member included to satisfy reference by file (symbol)

C:/ProgramData/MATLAB/SupportPackages/R2024b/3P.instrset/gnuarm-armcortex.instrset/win/bin/../lib/gcc/arm-none-eabi/13.2.1/thumb/v7e-m+dp/hard\libc_nano.a(libc_a-exit.o)
                              C:/ProgramData/MATLAB/SupportPackages/R2024b/3P.instrset/gnuarm-armcortex.instrset/win/bin/../lib/gcc/arm-none-eabi/13.2.1/thumb/v7e-m+dp/hard/crt0.o (exit)
C:/ProgramData/MATLAB/SupportPackages/R2024b/3P.instrset/gnuarm-armcortex.instrset/win/bin/../lib/gcc/arm-none-eabi/13.2.1/thumb/v7e-m+dp/hard\libc_nano.a(libc_a-findfp.o)
                              C:/ProgramData/MATLAB/SupportPackages/R2024b/3P.instrset/gnuarm-armcortex.instrset/win/bin/../lib/gcc/arm-none-eabi/13.2.1/thumb/v7e-m+dp/hard\libc_nano.a(libc_a-exit.o) (__stdio_exit_handler)
C:/ProgramData/MATLAB/SupportPackages/R2024b/3P.instrset/gnuarm-armcortex.instrset/win/bin/../lib/gcc/arm-none-eabi/13.2.1/thumb/v7e-m+dp/hard\libc_nano.a(libc_a-fwalk.o)
                              C:/ProgramData/MATLAB/SupportPackages/R2024b/3P.instrset/gnuarm-armcortex.instrset/win/bin/../lib/gcc/arm-none-eabi/13.2.1/thumb/v7e-m+dp/hard\libc_nano.a(libc_a-findfp.o) (_fwalk_sglue)
C:/ProgramData/MATLAB/SupportPackages/R2024b/3P.instrset/gnuarm-armcortex.instrset/win/bin/../lib/gcc/arm-none-eabi/13.2.1/thumb/v7e-m+dp/hard\libc_nano.a(libc_a-stdio.o)
                              C:/ProgramData/MATLAB/SupportPackages/R2024b/3P.instrset/gnuarm-armcortex.instrset/win/bin/../lib/gcc/arm-none-eabi/13.2.1/thumb/v7e-m+dp/hard\libc_nano.a(libc_a-findfp.o) (__sread)
C:/ProgramData/MATLAB/SupportPackages/R2024b/3P.instrset/gnuarm-armcortex.instrset/win/bin/../lib/gcc/arm-none-eabi/13.2.1/thumb/v7e-m+dp/hard\libc_nano.a(libc_a-memset.o)
                              C:/ProgramData/MATLAB/SupportPackages/R2024b/3P.instrset/gnuarm-armcortex.instrset/win/bin/../lib/gcc/arm-none-eabi/13.2.1/thumb/v7e-m+dp/hard/crt0.o (memset)
C:/ProgramData/MATLAB/SupportPackages/R2024b/3P.instrset/gnuarm-armcortex.instrset/win/bin/../lib/gcc/arm-none-eabi/13.2.1/thumb/v7e-m+dp/hard\libc_nano.a(libc_a-closer.o)
                              C:/ProgramData/MATLAB/SupportPackages/R2024b/3P.instrset/gnuarm-armcortex.instrset/win/bin/../lib/gcc/arm-none-eabi/13.2.1/thumb/v7e-m+dp/hard\libc_nano.a(libc_a-stdio.o) (_close_r)
C:/ProgramData/MATLAB/SupportPackages/R2024b/3P.instrset/gnuarm-armcortex.instrset/win/bin/../lib/gcc/arm-none-eabi/13.2.1/thumb/v7e-m+dp/hard\libc_nano.a(libc_a-reent.o)
                              C:/ProgramData/MATLAB/SupportPackages/R2024b/3P.instrset/gnuarm-armcortex.instrset/win/bin/../lib/gcc/arm-none-eabi/13.2.1/thumb/v7e-m+dp/hard\libc_nano.a(libc_a-closer.o) (errno)
C:/ProgramData/MATLAB/SupportPackages/R2024b/3P.instrset/gnuarm-armcortex.instrset/win/bin/../lib/gcc/arm-none-eabi/13.2.1/thumb/v7e-m+dp/hard\libc_nano.a(libc_a-impure.o)
                              C:/ProgramData/MATLAB/SupportPackages/R2024b/3P.instrset/gnuarm-armcortex.instrset/win/bin/../lib/gcc/arm-none-eabi/13.2.1/thumb/v7e-m+dp/hard\libc_nano.a(libc_a-reent.o) (_impure_ptr)
C:/ProgramData/MATLAB/SupportPackages/R2024b/3P.instrset/gnuarm-armcortex.instrset/win/bin/../lib/gcc/arm-none-eabi/13.2.1/thumb/v7e-m+dp/hard\libc_nano.a(libc_a-lseekr.o)
                              C:/ProgramData/MATLAB/SupportPackages/R2024b/3P.instrset/gnuarm-armcortex.instrset/win/bin/../lib/gcc/arm-none-eabi/13.2.1/thumb/v7e-m+dp/hard\libc_nano.a(libc_a-stdio.o) (_lseek_r)
C:/ProgramData/MATLAB/SupportPackages/R2024b/3P.instrset/gnuarm-armcortex.instrset/win/bin/../lib/gcc/arm-none-eabi/13.2.1/thumb/v7e-m+dp/hard\libc_nano.a(libc_a-readr.o)
                              C:/ProgramData/MATLAB/SupportPackages/R2024b/3P.instrset/gnuarm-armcortex.instrset/win/bin/../lib/gcc/arm-none-eabi/13.2.1/thumb/v7e-m+dp/hard\libc_nano.a(libc_a-stdio.o) (_read_r)
C:/ProgramData/MATLAB/SupportPackages/R2024b/3P.instrset/gnuarm-armcortex.instrset/win/bin/../lib/gcc/arm-none-eabi/13.2.1/thumb/v7e-m+dp/hard\libc_nano.a(libc_a-writer.o)
                              C:/ProgramData/MATLAB/SupportPackages/R2024b/3P.instrset/gnuarm-armcortex.instrset/win/bin/../lib/gcc/arm-none-eabi/13.2.1/thumb/v7e-m+dp/hard\libc_nano.a(libc_a-stdio.o) (_write_r)
C:/ProgramData/MATLAB/SupportPackages/R2024b/3P.instrset/gnuarm-armcortex.instrset/win/bin/../lib/gcc/arm-none-eabi/13.2.1/thumb/v7e-m+dp/hard\libc_nano.a(libc_a-errno.o)
                              syscalls.o (__errno)
C:/ProgramData/MATLAB/SupportPackages/R2024b/3P.instrset/gnuarm-armcortex.instrset/win/bin/../lib/gcc/arm-none-eabi/13.2.1/thumb/v7e-m+dp/hard\libc_nano.a(libc_a-init.o)
                              C:/ProgramData/MATLAB/SupportPackages/R2024b/3P.instrset/gnuarm-armcortex.instrset/win/bin/../lib/gcc/arm-none-eabi/13.2.1/thumb/v7e-m+dp/hard/crt0.o (__libc_init_array)
[...]
Memory Configuration

Name             Origin             Length             Attributes
FLASH            0x08000000         0x00200000         xr
DTCMRAM          0x20000000         0x00020000         xrw
RAM_D1           0x24000000         0x00080000         xrw
RAM_D2           0x30000000         0x00048000         xrw
RAM_D3           0x38000000         0x00010000         xrw
ITCMRAM          0x00000000         0x00010000         xrw
*default*        0x00000000         0xffffffff

Linker script and memory map

LOAD C:/ProgramData/MATLAB/SupportPackages/R2024b/3P.instrset/gnuarm-armcortex.instrset/win/bin/../lib/gcc/arm-none-eabi/13.2.1/thumb/v7e-m+dp/hard/crti.o
LOAD C:/ProgramData/MATLAB/SupportPackages/R2024b/3P.instrset/gnuarm-armcortex.instrset/win/bin/../lib/gcc/arm-none-eabi/13.2.1/thumb/v7e-m+dp/hard/crtbegin.o
LOAD C:/ProgramData/MATLAB/SupportPackages/R2024b/3P.instrset/gnuarm-armcortex.instrset/win/bin/../lib/gcc/arm-none-eabi/13.2.1/thumb/v7e-m+dp/hard/crt0.o
LOAD ert_main.o
LOAD untitled.o
LOAD overrideHALDelay.o
LOAD platform_timer.o
LOAD SysTickScheduler.o
LOAD m3m4m4f_multitasking.o
LOAD main.o
LOAD stm32h7xx_it.o
LOAD stm32h7xx_hal_msp.o
LOAD stm32h7xx_hal_timebase_tim.o
LOAD stm32h7xx_ll_exti.o
LOAD stm32h7xx_ll_gpio.o
LOAD stm32h7xx_hal_eth.o
LOAD stm32h7xx_hal_eth_ex.o
LOAD stm32h7xx_ll_rcc.o
LOAD stm32h7xx_ll_utils.o
LOAD stm32h7xx_hal_rcc.o
LOAD stm32h7xx_hal_rcc_ex.o
LOAD stm32h7xx_hal_flash.o
LOAD stm32h7xx_hal_flash_ex.o
LOAD stm32h7xx_hal_gpio.o
LOAD stm32h7xx_hal_hsem.o
LOAD stm32h7xx_hal_dma.o
LOAD stm32h7xx_hal_dma_ex.o
LOAD stm32h7xx_hal_mdma.o
LOAD stm32h7xx_hal_pwr.o
LOAD stm32h7xx_hal_pwr_ex.o
LOAD stm32h7xx_hal_cortex.o
LOAD stm32h7xx_hal.o
LOAD stm32h7xx_hal_i2c.o
LOAD stm32h7xx_hal_i2c_ex.o
LOAD stm32h7xx_hal_exti.o
LOAD stm32h7xx_hal_tim.o
LOAD stm32h7xx_hal_tim_ex.o
LOAD stm32h7xx_ll_usart.o
LOAD stm32h7xx_ll_dma.o
LOAD stm32h7xx_hal_pcd.o
LOAD stm32h7xx_hal_pcd_ex.o
LOAD stm32h7xx_ll_usb.o
LOAD system_stm32h7xx.o
LOAD syscalls.o
LOAD sysmem.o
LOAD startup_stm32h753zitx.o
LOAD C:/ProgramData/MATLAB/SupportPackages/R2024b/3P.instrset/cmsis_dsp.instrset/Lib/GCC/arm_cortexm7ldfdp_math/libCMSISDSP.a
LOAD C:/ProgramData/MATLAB/SupportPackages/R2024b/toolbox/shared/supportpackages/stm32/lib/GCC/libmw_pdmfilter_m7_dpfp.lib
LOAD C:/ProgramData/MATLAB/SupportPackages/R2024b/3P.instrset/gnuarm-armcortex.instrset/win/bin/../lib/gcc/arm-none-eabi/13.2.1/thumb/v7e-m+dp/hard\libstdc++_nano.a
LOAD C:/ProgramData/MATLAB/SupportPackages/R2024b/3P.instrset/gnuarm-armcortex.instrset/win/bin/../lib/gcc/arm-none-eabi/13.2.1/thumb/v7e-m+dp/hard\libm.a
START GROUP
LOAD C:/ProgramData/MATLAB/SupportPackages/R2024b/3P.instrset/gnuarm-armcortex.instrset/win/bin/../lib/gcc/arm-none-eabi/13.2.1/thumb/v7e-m+dp/hard\libgcc.a
LOAD C:/ProgramData/MATLAB/SupportPackages/R2024b/3P.instrset/gnuarm-armcortex.instrset/win/bin/../lib/gcc/arm-none-eabi/13.2.1/thumb/v7e-m+dp/hard\libc_nano.a
END GROUP
START GROUP
LOAD C:/ProgramData/MATLAB/SupportPackages/R2024b/3P.instrset/gnuarm-armcortex.instrset/win/bin/../lib/gcc/arm-none-eabi/13.2.1/thumb/v7e-m+dp/hard\libgcc.a
LOAD C:/ProgramData/MATLAB/SupportPackages/R2024b/3P.instrset/gnuarm-armcortex.instrset/win/bin/../lib/gcc/arm-none-eabi/13.2.1/thumb/v7e-m+dp/hard\libc_nano.a
LOAD C:/ProgramData/MATLAB/SupportPackages/R2024b/3P.instrset/gnuarm-armcortex.instrset/win/bin/../lib/gcc/arm-none-eabi/13.2.1/thumb/v7e-m+dp/hard\libnosys.a
END GROUP
START GROUP
LOAD C:/ProgramData/MATLAB/SupportPackages/R2024b/3P.instrset/gnuarm-armcortex.instrset/win/bin/../lib/gcc/arm-none-eabi/13.2.1/thumb/v7e-m+dp/hard\libgcc.a
LOAD C:/ProgramData/MATLAB/SupportPackages/R2024b/3P.instrset/gnuarm-armcortex.instrset/win/bin/../lib/gcc/arm-none-eabi/13.2.1/thumb/v7e-m+dp/hard\libc_nano.a
LOAD C:/ProgramData/MATLAB/SupportPackages/R2024b/3P.instrset/gnuarm-armcortex.instrset/win/bin/../lib/gcc/arm-none-eabi/13.2.1/thumb/v7e-m+dp/hard\libnosys.a
END GROUP
LOAD C:/ProgramData/MATLAB/SupportPackages/R2024b/3P.instrset/gnuarm-armcortex.instrset/win/bin/../lib/gcc/arm-none-eabi/13.2.1/thumb/v7e-m+dp/hard/crtend.o
LOAD C:/ProgramData/MATLAB/SupportPackages/R2024b/3P.instrset/gnuarm-armcortex.instrset/win/bin/../lib/gcc/arm-none-eabi/13.2.1/thumb/v7e-m+dp/hard/crtn.o
                0x24080000                        _estack = (ORIGIN (RAM_D1) + LENGTH (RAM_D1))
                0x00000200                        _Min_Heap_Size = 0x200
                0x00000400                        _Min_Stack_Size = 0x400

.isr_vector     0x08000000      0x298
                0x08000000                        . = ALIGN (0x4)
 *(.isr_vector)
 .isr_vector    0x08000000      0x298 startup_stm32h753zitx.o
                0x08000000                g_pfnVectors
                0x08000298                        . = ALIGN (0x4)

.text           0x08000298     0x503c
                0x08000298                        . = ALIGN (0x4)
 *(.text)
 *(.text*)
 .text.deregister_tm_clones
                0x08000298       0x1c C:/ProgramData/MATLAB/SupportPackages/R2024b/3P.instrset/gnuarm-armcortex.instrset/win/bin/../lib/gcc/arm-none-eabi/13.2.1/thumb/v7e-m+dp/hard/crtbegin.o
 .text.register_tm_clones
                0x080002b4       0x24 C:/ProgramData/MATLAB/SupportPackages/R2024b/3P.instrset/gnuarm-armcortex.instrset/win/bin/../lib/gcc/arm-none-eabi/13.2.1/thumb/v7e-m+dp/hard/crtbegin.o
 .text.__do_global_dtors_aux
                0x080002d8       0x28 C:/ProgramData/MATLAB/SupportPackages/R2024b/3P.instrset/gnuarm-armcortex.instrset/win/bin/../lib/gcc/arm-none-eabi/13.2.1/thumb/v7e-m+dp/hard/crtbegin.o
 .text.frame_dummy
                0x08000300       0x24 C:/ProgramData/MATLAB/SupportPackages/R2024b/3P.instrset/gnuarm-armcortex.instrset/win/bin/../lib/gcc/arm-none-eabi/13.2.1/thumb/v7e-m+dp/hard/crtbegin.o
 .text.rt_OneStep
                0x08000324       0x4c ert_main.o
                0x08000324                rt_OneStep
 .text.main     0x08000370       0xd0 ert_main.o
                0x08000370                main
 .text.LL_GPIO_SetOutputPin
                0x08000440       0x1c untitled.o
 .text.LL_GPIO_ResetOutputPin
                0x0800045c       0x1e untitled.o
 *fill*         0x0800047a        0x2 
 .text.untitled_step
                0x0800047c       0x78 untitled.o
                0x0800047c                untitled_step
 .text.untitled_initialize
                0x080004f4        0xe untitled.o
                0x080004f4                untitled_initialize
 .text.untitled_terminate
                0x08000502        0xe untitled.o
                0x08000502                untitled_terminate
 .text.HAL_Delay
                0x08000510       0x2e overrideHALDelay.o
                0x08000510                HAL_Delay
 *fill*         0x0800053e        0x2 
 .text.PeriphCommonClock_Config
                0x08000540       0x10 platform_timer.o
                0x08000540                PeriphCommonClock_Config
 .text.__NVIC_SetPriority
                0x08000550       0x54 SysTickScheduler.o
 .text.SysTick_Config
                0x080005a4       0x44 SysTickScheduler.o
 .text.SysTick_Isr
                0x080005e8       0x48 SysTickScheduler.o
 .text.SysTick_Handler
                0x08000630       0x20 SysTickScheduler.o
                0x08000630                SysTick_Handler
 .text.ARMCM_SysTick_Config
                0x08000650       0xb0 SysTickScheduler.o
                0x08000650                ARMCM_SysTick_Config
 .text.PendSV_Handler
                0x08000700       0x44 m3m4m4f_multitasking.o
                0x08000700                PendSV_Handler
 .text.SVC_Handler
                0x08000744       0x58 m3m4m4f_multitasking.o
                0x08000744                SVC_Handler
 .text.LL_RCC_HSE_EnableBypass
                0x0800079c       0x20 main.o
 .text.LL_RCC_HSE_Enable
                0x080007bc       0x20 main.o
 .text.LL_RCC_HSE_IsReady
                0x080007dc       0x28 main.o
 .text.LL_RCC_HSI_Enable
                0x08000804       0x20 main.o
 .text.LL_RCC_HSI_IsReady
                0x08000824       0x24 main.o
 .text.LL_RCC_HSI_SetDivider
                0x08000848       0x28 main.o
 .text.LL_RCC_HSI_SetCalibTrimming
                0x08000870       0x50 main.o
 .text.LL_RCC_SetSysClkSource
                0x080008c0       0x28 main.o
 .text.LL_RCC_GetSysClkSource
                0x080008e8       0x1c main.o
 .text.LL_RCC_SetSysPrescaler
                0x08000904       0x28 main.o
 .text.LL_RCC_SetAHBPrescaler
                0x0800092c       0x28 main.o
 .text.LL_RCC_SetAPB1Prescaler
                0x08000954       0x28 main.o
 .text.LL_RCC_SetAPB2Prescaler
                0x0800097c       0x28 main.o
 .text.LL_RCC_SetAPB3Prescaler
                0x080009a4       0x28 main.o
 .text.LL_RCC_SetAPB4Prescaler
                0x080009cc       0x28 main.o
 .text.LL_RCC_SetClockSource
                0x080009f4       0x54 main.o
 .text.LL_RCC_SetUSARTClockSource
                0x08000a48       0x16 main.o
 *fill*         0x08000a5e        0x2 
 .text.LL_RCC_PLL_SetSource
                0x08000a60       0x28 main.o
 .text.LL_RCC_PLL1_Enable
                0x08000a88       0x20 main.o
 .text.LL_RCC_PLL1_IsReady
                0x08000aa8       0x28 main.o
 .text.LL_RCC_PLL1Q_Enable
                0x08000ad0       0x20 main.o
 .text.LL_RCC_PLL1_SetVCOOutputRange
                0x08000af0       0x2c main.o
 .text.LL_RCC_PLL1_SetVCOInputRange
                0x08000b1c       0x2c main.o
 .text.LL_RCC_PLL1_SetN
                0x08000b48       0x30 main.o
 .text.LL_RCC_PLL1_SetM
                0x08000b78       0x2c main.o
 .text.LL_RCC_PLL1_SetP
                0x08000ba4       0x2c main.o
 .text.LL_RCC_PLL1_SetQ
                0x08000bd0       0x2c main.o
 .text.LL_RCC_PLL1_SetR
                0x08000bfc       0x2c main.o
 .text.LL_AHB4_GRP1_EnableClock
                0x08000c28       0x38 main.o
 .text.LL_APB1_GRP1_EnableClock
                0x08000c60       0x38 main.o
 .text.LL_SYSCFG_SetEXTISource
                0x08000c98       0x70 main.o
 .text.LL_FLASH_SetLatency
                0x08000d08       0x28 main.o
 .text.LL_FLASH_GetLatency
                0x08000d30       0x1c main.o
 .text.LL_PWR_ConfigSupply
                0x08000d4c       0x28 main.o
 .text.LL_PWR_SetRegulVoltageScaling
                0x08000d74       0x28 main.o
 .text.LL_PWR_IsActiveFlag_VOS
                0x08000d9c       0x28 main.o
 .text.LL_USART_Enable
                0x08000dc4       0x20 main.o
 .text.LL_USART_DisableFIFO
                0x08000de4       0x20 main.o
 .text.LL_USART_SetTXFIFOThreshold
                0x08000e04       0x4e main.o
 .text.LL_USART_SetRXFIFOThreshold
                0x08000e52       0x4e main.o
 .text.LL_USART_ConfigAsyncMode
                0x08000ea0       0x2c main.o
 .text.LL_USART_IsActiveFlag_TEACK
                0x08000ecc       0x28 main.o
 .text.LL_USART_IsActiveFlag_REACK
                0x08000ef4       0x28 main.o
 .text.LL_GPIO_SetPinMode
                0x08000f1c       0x40 main.o
 .text.LL_GPIO_SetPinPull
                0x08000f5c       0x40 main.o
 .text.LL_GPIO_ResetOutputPin
                0x08000f9c       0x1e main.o
 *fill*         0x08000fba        0x2 
 .text.SystemClock_Config
                0x08000fbc       0xf8 main.o
                0x08000fbc                SystemClock_Config
 .text.MX_ETH_Init
                0x080010b4       0x90 main.o
                0x080010b4                MX_ETH_Init
 .text.MX_USART3_UART_Init
                0x08001144       0xdc main.o
                0x08001144                MX_USART3_UART_Init
 .text.MX_USB_OTG_FS_PCD_Init
                0x08001220       0x64 main.o
                0x08001220                MX_USB_OTG_FS_PCD_Init
 .text.MX_GPIO_Init
                0x08001284      0x144 main.o
                0x08001284                MX_GPIO_Init
 .text.HAL_TIM_PeriodElapsedCallback
                0x080013c8       0x24 main.o
                0x080013c8                HAL_TIM_PeriodElapsedCallback
 .text.Error_Handler
                0x080013ec        0xc main.o
                0x080013ec                Error_Handler
 .text.NMI_Handler
                0x080013f8        0x8 stm32h7xx_it.o
                0x080013f8                NMI_Handler
 .text.HardFault_Handler
                0x08001400        0x8 stm32h7xx_it.o
                0x08001400                HardFault_Handler
 .text.MemManage_Handler
                0x08001408        0x8 stm32h7xx_it.o
                0x08001408                MemManage_Handler
 .text.BusFault_Handler
                0x08001410        0x8 stm32h7xx_it.o
                0x08001410                BusFault_Handler
 .text.UsageFault_Handler
                0x08001418        0x8 stm32h7xx_it.o
                0x08001418                UsageFault_Handler
 .text.DebugMon_Handler
                0x08001420        0xe stm32h7xx_it.o
                0x08001420                DebugMon_Handler
 *fill*         0x0800142e        0x2 
 .text.TIM1_UP_IRQHandler
                0x08001430       0x14 stm32h7xx_it.o
                0x08001430                TIM1_UP_IRQHandler
 .text.LL_RCC_SetUSBClockSource
                0x08001444       0x28 stm32h7xx_hal_msp.o
 .text.LL_PWR_EnableUSBVoltageDetector
                0x0800146c       0x20 stm32h7xx_hal_msp.o
 .text.HAL_MspInit
                0x0800148c       0x34 stm32h7xx_hal_msp.o
                0x0800148c                HAL_MspInit
 .text.HAL_ETH_MspInit
                0x080014c0      0x19c stm32h7xx_hal_msp.o
                0x080014c0                HAL_ETH_MspInit
 .text.HAL_PCD_MspInit
                0x0800165c       0xbc stm32h7xx_hal_msp.o
                0x0800165c                HAL_PCD_MspInit
 .text.HAL_InitTick
                0x08001718       0xc0 stm32h7xx_hal_timebase_tim.o
                0x08001718                HAL_InitTick
 .text.LL_EXTI_EnableIT_0_31
                0x080017d8       0x28 stm32h7xx_ll_exti.o
 .text.LL_EXTI_EnableIT_32_63
                0x08001800       0x28 stm32h7xx_ll_exti.o
 .text.LL_EXTI_EnableIT_64_95
                0x08001828       0x28 stm32h7xx_ll_exti.o
 .text.LL_EXTI_DisableIT_0_31
                0x08001850       0x2a stm32h7xx_ll_exti.o
 .text.LL_EXTI_DisableIT_32_63
                0x0800187a       0x2a stm32h7xx_ll_exti.o
 .text.LL_EXTI_DisableIT_64_95
                0x080018a4       0x2a stm32h7xx_ll_exti.o
 .text.LL_EXTI_EnableEvent_0_31
                0x080018ce       0x28 stm32h7xx_ll_exti.o
 .text.LL_EXTI_EnableEvent_32_63
                0x080018f6       0x28 stm32h7xx_ll_exti.o
 .text.LL_EXTI_EnableEvent_64_95
                0x0800191e       0x28 stm32h7xx_ll_exti.o
 .text.LL_EXTI_DisableEvent_0_31
                0x08001946       0x2a stm32h7xx_ll_exti.o
 .text.LL_EXTI_DisableEvent_32_63
                0x08001970       0x2a stm32h7xx_ll_exti.o
 .text.LL_EXTI_DisableEvent_64_95
                0x0800199a       0x2a stm32h7xx_ll_exti.o
 .text.LL_EXTI_EnableRisingTrig_0_31
                0x080019c4       0x24 stm32h7xx_ll_exti.o
 .text.LL_EXTI_EnableRisingTrig_32_63
                0x080019e8       0x24 stm32h7xx_ll_exti.o
 .text.LL_EXTI_EnableRisingTrig_64_95
                0x08001a0c       0x24 stm32h7xx_ll_exti.o
 .text.LL_EXTI_DisableRisingTrig_0_31
                0x08001a30       0x26 stm32h7xx_ll_exti.o
 .text.LL_EXTI_DisableRisingTrig_32_63
                0x08001a56       0x26 stm32h7xx_ll_exti.o
 .text.LL_EXTI_DisableRisingTrig_64_95
                0x08001a7c       0x26 stm32h7xx_ll_exti.o
 .text.LL_EXTI_EnableFallingTrig_0_31
                0x08001aa2       0x24 stm32h7xx_ll_exti.o
 .text.LL_EXTI_EnableFallingTrig_32_63
                0x08001ac6       0x24 stm32h7xx_ll_exti.o
 .text.LL_EXTI_EnableFallingTrig_64_95
                0x08001aea       0x24 stm32h7xx_ll_exti.o
 .text.LL_EXTI_DisableFallingTrig_0_31
                0x08001b0e       0x26 stm32h7xx_ll_exti.o
 .text.LL_EXTI_DisableFallingTrig_32_63
                0x08001b34       0x26 stm32h7xx_ll_exti.o
 .text.LL_EXTI_DisableFallingTrig_64_95
                0x08001b5a       0x26 stm32h7xx_ll_exti.o
 .text.LL_EXTI_Init
                0x08001b80      0x272 stm32h7xx_ll_exti.o
                0x08001b80                LL_EXTI_Init
 .text.LL_GPIO_SetPinMode
                0x08001df2       0x40 stm32h7xx_ll_gpio.o
 .text.LL_GPIO_SetPinOutputType
                0x08001e32       0x30 stm32h7xx_ll_gpio.o
 .text.LL_GPIO_SetPinSpeed
                0x08001e62       0x40 stm32h7xx_ll_gpio.o
 .text.LL_GPIO_SetPinPull
                0x08001ea2       0x40 stm32h7xx_ll_gpio.o
 .text.LL_GPIO_SetAFPin_0_7
                0x08001ee2       0x58 stm32h7xx_ll_gpio.o
 .text.LL_GPIO_SetAFPin_8_15
                0x08001f3a       0x6c stm32h7xx_ll_gpio.o
 .text.LL_GPIO_Init
                0x08001fa6       0xdc stm32h7xx_ll_gpio.o
                0x08001fa6                LL_GPIO_Init
 *fill*         0x08002082        0x2 
 .text.HAL_ETH_Init
                0x08002084      0x1b8 stm32h7xx_hal_eth.o
                0x08002084                HAL_ETH_Init
 .text.ETH_SetMACConfig
                0x0800223c      0x238 stm32h7xx_hal_eth.o
 .text.ETH_SetDMAConfig
                0x08002474      0x10c stm32h7xx_hal_eth.o
 .text.ETH_MACDMAConfig
                0x08002580      0x13a stm32h7xx_hal_eth.o
 *fill*         0x080026ba        0x2 
 .text.ETH_MAC_MDIO_ClkConfig
                0x080026bc       0xb0 stm32h7xx_hal_eth.o
 .text.ETH_DMATxDescListInit
                0x0800276c       0x92 stm32h7xx_hal_eth.o
 .text.ETH_DMARxDescListInit
                0x080027fe       0xbc stm32h7xx_hal_eth.o
 *fill*         0x080028ba        0x2 
 .text.LL_RCC_HSE_IsReady
                0x080028bc       0x28 stm32h7xx_ll_rcc.o
 .text.LL_RCC_HSI_IsReady
                0x080028e4       0x24 stm32h7xx_ll_rcc.o
 .text.LL_RCC_HSI_GetDivider
                0x08002908       0x1c stm32h7xx_ll_rcc.o
 .text.LL_RCC_CSI_IsReady
                0x08002924       0x28 stm32h7xx_ll_rcc.o
 .text.LL_RCC_LSE_IsReady
                0x0800294c       0x24 stm32h7xx_ll_rcc.o
 .text.LL_RCC_GetSysClkSource
                0x08002970       0x1c stm32h7xx_ll_rcc.o
 .text.LL_RCC_GetSysPrescaler
                0x0800298c       0x1c stm32h7xx_ll_rcc.o
 .text.LL_RCC_GetAHBPrescaler
                0x080029a8       0x1c stm32h7xx_ll_rcc.o
 .text.LL_RCC_GetAPB1Prescaler
                0x080029c4       0x1c stm32h7xx_ll_rcc.o
 .text.LL_RCC_GetAPB2Prescaler
                0x080029e0       0x1c stm32h7xx_ll_rcc.o
 .text.LL_RCC_GetClockSource
                0x080029fc       0x4c stm32h7xx_ll_rcc.o
 .text.LL_RCC_GetUSARTClockSource
                0x08002a48       0x18 stm32h7xx_ll_rcc.o
 .text.LL_RCC_PLL_GetSource
                0x08002a60       0x1c stm32h7xx_ll_rcc.o
 .text.LL_RCC_PLL1P_IsEnabled
                0x08002a7c       0x28 stm32h7xx_ll_rcc.o
 .text.LL_RCC_PLL1Q_IsEnabled
                0x08002aa4       0x28 stm32h7xx_ll_rcc.o
 .text.LL_RCC_PLL1R_IsEnabled
                0x08002acc       0x28 stm32h7xx_ll_rcc.o
 .text.LL_RCC_PLL1FRACN_IsEnabled
                0x08002af4       0x24 stm32h7xx_ll_rcc.o
 .text.LL_RCC_PLL1_GetN
                0x08002b18       0x1c stm32h7xx_ll_rcc.o
 .text.LL_RCC_PLL1_GetM
                0x08002b34       0x1c stm32h7xx_ll_rcc.o
 .text.LL_RCC_PLL1_GetP
                0x08002b50       0x20 stm32h7xx_ll_rcc.o
 .text.LL_RCC_PLL1_GetQ
                0x08002b70       0x20 stm32h7xx_ll_rcc.o
 .text.LL_RCC_PLL1_GetR
                0x08002b90       0x20 stm32h7xx_ll_rcc.o
 .text.LL_RCC_PLL1_GetFRACN
                0x08002bb0       0x1c stm32h7xx_ll_rcc.o
 .text.LL_RCC_PLL2_IsReady
                0x08002bcc       0x28 stm32h7xx_ll_rcc.o
 .text.LL_RCC_PLL2P_IsEnabled
                0x08002bf4       0x28 stm32h7xx_ll_rcc.o
 .text.LL_RCC_PLL2Q_IsEnabled
                0x08002c1c       0x28 stm32h7xx_ll_rcc.o
 .text.LL_RCC_PLL2R_IsEnabled
                0x08002c44       0x28 stm32h7xx_ll_rcc.o
 .text.LL_RCC_PLL2FRACN_IsEnabled
                0x08002c6c       0x24 stm32h7xx_ll_rcc.o
 .text.LL_RCC_PLL2_GetN
                0x08002c90       0x1c stm32h7xx_ll_rcc.o
 .text.LL_RCC_PLL2_GetM
                0x08002cac       0x1c stm32h7xx_ll_rcc.o
 .text.LL_RCC_PLL2_GetP
                0x08002cc8       0x20 stm32h7xx_ll_rcc.o
 .text.LL_RCC_PLL2_GetQ
                0x08002ce8       0x20 stm32h7xx_ll_rcc.o
 .text.LL_RCC_PLL2_GetR
                0x08002d08       0x20 stm32h7xx_ll_rcc.o
 .text.LL_RCC_PLL2_GetFRACN
                0x08002d28       0x1c stm32h7xx_ll_rcc.o
 .text.LL_RCC_PLL3_IsReady
                0x08002d44       0x28 stm32h7xx_ll_rcc.o
 .text.LL_RCC_PLL3P_IsEnabled
                0x08002d6c       0x28 stm32h7xx_ll_rcc.o
 .text.LL_RCC_PLL3Q_IsEnabled
                0x08002d94       0x28 stm32h7xx_ll_rcc.o
 .text.LL_RCC_PLL3R_IsEnabled
                0x08002dbc       0x28 stm32h7xx_ll_rcc.o
 .text.LL_RCC_PLL3FRACN_IsEnabled
                0x08002de4       0x28 stm32h7xx_ll_rcc.o
 .text.LL_RCC_PLL3_GetN
                0x08002e0c       0x1c stm32h7xx_ll_rcc.o
 .text.LL_RCC_PLL3_GetM
                0x08002e28       0x1c stm32h7xx_ll_rcc.o
 .text.LL_RCC_PLL3_GetP
                0x08002e44       0x20 stm32h7xx_ll_rcc.o
 .text.LL_RCC_PLL3_GetQ
                0x08002e64       0x20 stm32h7xx_ll_rcc.o
 .text.LL_RCC_PLL3_GetR
                0x08002e84       0x20 stm32h7xx_ll_rcc.o
 .text.LL_RCC_PLL3_GetFRACN
                0x08002ea4       0x1c stm32h7xx_ll_rcc.o
 .text.LL_RCC_GetPLL1ClockFreq
                0x08002ec0      0x130 stm32h7xx_ll_rcc.o
                0x08002ec0                LL_RCC_GetPLL1ClockFreq
 .text.LL_RCC_GetPLL2ClockFreq
                0x08002ff0      0x130 stm32h7xx_ll_rcc.o
                0x08002ff0                LL_RCC_GetPLL2ClockFreq
 .text.LL_RCC_GetPLL3ClockFreq
                0x08003120      0x134 stm32h7xx_ll_rcc.o
                0x08003120                LL_RCC_GetPLL3ClockFreq
 .text.LL_RCC_CalcPLLClockFreq
                0x08003254       0x80 stm32h7xx_ll_rcc.o
                0x08003254                LL_RCC_CalcPLLClockFreq
 .text.LL_RCC_GetUSARTClockFreq
                0x080032d4      0x1dc stm32h7xx_ll_rcc.o
                0x080032d4                LL_RCC_GetUSARTClockFreq
 .text.RCC_GetSystemClockFreq
                0x080034b0       0xc4 stm32h7xx_ll_rcc.o
 .text.RCC_GetHCLKClockFreq
                0x08003574       0x2c stm32h7xx_ll_rcc.o
 .text.RCC_GetPCLK1ClockFreq
                0x080035a0       0x30 stm32h7xx_ll_rcc.o
 .text.RCC_GetPCLK2ClockFreq
                0x080035d0       0x30 stm32h7xx_ll_rcc.o
 .text.LL_SetSystemCoreClock
                0x08003600       0x20 stm32h7xx_ll_utils.o
                0x08003600                LL_SetSystemCoreClock
 .text.HAL_RCC_GetSysClockFreq
                0x08003620      0x2f4 stm32h7xx_hal_rcc.o
                0x08003620                HAL_RCC_GetSysClockFreq
 .text.HAL_RCC_GetHCLKFreq
                0x08003914       0x60 stm32h7xx_hal_rcc.o
                0x08003914                HAL_RCC_GetHCLKFreq
 .text.HAL_RCC_GetPCLK2Freq
                0x08003974       0x2c stm32h7xx_hal_rcc.o
                0x08003974                HAL_RCC_GetPCLK2Freq
 .text.HAL_RCC_GetClockConfig
                0x080039a0       0x84 stm32h7xx_hal_rcc.o
                0x080039a0                HAL_RCC_GetClockConfig
 .text.HAL_GPIO_Init
                0x08003a24      0x360 stm32h7xx_hal_gpio.o
                0x08003a24                HAL_GPIO_Init
 .text.__NVIC_SetPriorityGrouping
                0x08003d84       0x48 stm32h7xx_hal_cortex.o
 .text.__NVIC_GetPriorityGrouping
                0x08003dcc       0x1c stm32h7xx_hal_cortex.o
 .text.__NVIC_EnableIRQ
                0x08003de8       0x3c stm32h7xx_hal_cortex.o
 .text.__NVIC_SetPriority
                0x08003e24       0x54 stm32h7xx_hal_cortex.o
 .text.NVIC_EncodePriority
                0x08003e78       0x66 stm32h7xx_hal_cortex.o
 .text.HAL_NVIC_SetPriorityGrouping
                0x08003ede       0x16 stm32h7xx_hal_cortex.o
                0x08003ede                HAL_NVIC_SetPriorityGrouping
 .text.HAL_NVIC_SetPriority
                0x08003ef4       0x34 stm32h7xx_hal_cortex.o
                0x08003ef4                HAL_NVIC_SetPriority
 .text.HAL_NVIC_EnableIRQ
                0x08003f28       0x1c stm32h7xx_hal_cortex.o
                0x08003f28                HAL_NVIC_EnableIRQ
 .text.HAL_Init
                0x08003f44       0x78 stm32h7xx_hal.o
                0x08003f44                HAL_Init
 .text.HAL_IncTick
                0x08003fbc       0x28 stm32h7xx_hal.o
                0x08003fbc                HAL_IncTick
 .text.HAL_GetTick
                0x08003fe4       0x18 stm32h7xx_hal.o
                0x08003fe4                HAL_GetTick
 .text.HAL_SYSCFG_ETHInterfaceSelect
                0x08003ffc       0x28 stm32h7xx_hal.o
                0x08003ffc                HAL_SYSCFG_ETHInterfaceSelect
 .text.HAL_TIM_Base_Init
                0x08004024       0xae stm32h7xx_hal_tim.o
                0x08004024                HAL_TIM_Base_Init
 .text.HAL_TIM_Base_MspInit
                0x080040d2       0x14 stm32h7xx_hal_tim.o
                0x080040d2                HAL_TIM_Base_MspInit
 *fill*         0x080040e6        0x2 
 .text.HAL_TIM_Base_Start_IT
                0x080040e8       0xf0 stm32h7xx_hal_tim.o
                0x080040e8                HAL_TIM_Base_Start_IT
 .text.HAL_TIM_IRQHandler
                0x080041d8      0x23e stm32h7xx_hal_tim.o
                0x080041d8                HAL_TIM_IRQHandler
 .text.HAL_TIM_OC_DelayElapsedCallback
                0x08004416       0x14 stm32h7xx_hal_tim.o
                0x08004416                HAL_TIM_OC_DelayElapsedCallback
 .text.HAL_TIM_IC_CaptureCallback
                0x0800442a       0x14 stm32h7xx_hal_tim.o
                0x0800442a                HAL_TIM_IC_CaptureCallback
 .text.HAL_TIM_PWM_PulseFinishedCallback
                0x0800443e       0x14 stm32h7xx_hal_tim.o
                0x0800443e                HAL_TIM_PWM_PulseFinishedCallback
 .text.HAL_TIM_TriggerCallback
                0x08004452       0x14 stm32h7xx_hal_tim.o
                0x08004452                HAL_TIM_TriggerCallback
 *fill*         0x08004466        0x2 
 .text.TIM_Base_SetConfig
                0x08004468      0x134 stm32h7xx_hal_tim.o
                0x08004468                TIM_Base_SetConfig
 .text.HAL_TIMEx_CommutCallback
                0x0800459c       0x14 stm32h7xx_hal_tim_ex.o
                0x0800459c                HAL_TIMEx_CommutCallback
 .text.HAL_TIMEx_BreakCallback
                0x080045b0       0x14 stm32h7xx_hal_tim_ex.o
                0x080045b0                HAL_TIMEx_BreakCallback
 .text.HAL_TIMEx_Break2Callback
                0x080045c4       0x14 stm32h7xx_hal_tim_ex.o
                0x080045c4                HAL_TIMEx_Break2Callback
 .text.LL_USART_IsEnabled
                0x080045d8       0x26 stm32h7xx_ll_usart.o
 .text.LL_USART_SetPrescaler
                0x080045fe       0x28 stm32h7xx_ll_usart.o
 .text.LL_USART_SetStopBitsLength
                0x08004626       0x26 stm32h7xx_ll_usart.o
 .text.LL_USART_SetHWFlowCtrl
                0x0800464c       0x26 stm32h7xx_ll_usart.o
 *fill*         0x08004672        0x2 
 .text.LL_USART_SetBaudRate
                0x08004674       0xa0 stm32h7xx_ll_usart.o
 .text.LL_USART_Init
                0x08004714      0x154 stm32h7xx_ll_usart.o
                0x08004714                LL_USART_Init
 .text.HAL_PCD_Init
                0x08004868      0x248 stm32h7xx_hal_pcd.o
                0x08004868                HAL_PCD_Init
 .text.HAL_PCDEx_ActivateLPM
                0x08004ab0       0x48 stm32h7xx_hal_pcd_ex.o
                0x08004ab0                HAL_PCDEx_ActivateLPM
 .text.USB_CoreInit
                0x08004af8       0xdc stm32h7xx_ll_usb.o
                0x08004af8                USB_CoreInit
 .text.USB_DisableGlobalInt
                0x08004bd4       0x22 stm32h7xx_ll_usb.o
                0x08004bd4                USB_DisableGlobalInt
 .text.USB_SetCurrentMode
                0x08004bf6       0x98 stm32h7xx_ll_usb.o
                0x08004bf6                USB_SetCurrentMode
 *fill*         0x08004c8e        0x2 
 .text.USB_DevInit
                0x08004c90      0x2bc stm32h7xx_ll_usb.o
                0x08004c90                USB_DevInit
 .text.USB_FlushTxFifo
                0x08004f4c       0x64 stm32h7xx_ll_usb.o
                0x08004f4c                USB_FlushTxFifo
 .text.USB_FlushRxFifo
                0x08004fb0       0x5c stm32h7xx_ll_usb.o
                0x08004fb0                USB_FlushRxFifo
 .text.USB_SetDevSpeed
                0x0800500c       0x32 stm32h7xx_ll_usb.o
                0x0800500c                USB_SetDevSpeed
 .text.USB_DevDisconnect
                0x0800503e       0x42 stm32h7xx_ll_usb.o
                0x0800503e                USB_DevDisconnect
 .text.USB_GetMode
                0x08005080       0x1c stm32h7xx_ll_usb.o
                0x08005080                USB_GetMode
 .text.USB_CoreReset
                0x0800509c       0x64 stm32h7xx_ll_usb.o
 .text.SystemInit
                0x08005100      0x110 system_stm32h7xx.o
                0x08005100                SystemInit
 .text.Reset_Handler
                0x08005210       0x50 startup_stm32h753zitx.o
                0x08005210                Reset_Handler
 .text.Default_Handler
                0x08005260        0x2 startup_stm32h753zitx.o
                0x08005260                RTC_Alarm_IRQHandler
                0x08005260                HASH_RNG_IRQHandler
                0x08005260                EXTI2_IRQHandler
                0x08005260                TIM8_CC_IRQHandler
                0x08005260                HRTIM1_Master_IRQHandler
                0x08005260                UART8_IRQHandler
                0x08005260                SPI4_IRQHandler
                0x08005260                TIM1_CC_IRQHandler
                0x08005260                BDMA_Channel6_IRQHandler
                0x08005260                DMA2_Stream5_IRQHandler
                0x08005260                HRTIM1_FLT_IRQHandler
                0x08005260                JPEG_IRQHandler
                0x08005260                DMA1_Stream5_IRQHandler
                0x08005260                BDMA_Channel1_IRQHandler
                0x08005260                HRTIM1_TIMD_IRQHandler
                0x08005260                TAMP_STAMP_IRQHandler
                0x08005260                EXTI3_IRQHandler
                0x08005260                LPTIM4_IRQHandler
                0x08005260                TIM8_TRG_COM_TIM14_IRQHandler
                0x08005260                LPTIM2_IRQHandler
                0x08005260                DFSDM1_FLT1_IRQHandler
                0x08005260                DMAMUX2_OVR_IRQHandler
                0x08005260                TIM8_UP_TIM13_IRQHandler
                0x08005260                I2C3_ER_IRQHandler
                0x08005260                DFSDM1_FLT2_IRQHandler
                0x08005260                MDMA_IRQHandler
                0x08005260                LPTIM3_IRQHandler
                0x08005260                HSEM1_IRQHandler
                0x08005260                EXTI0_IRQHandler
                0x08005260                I2C2_EV_IRQHandler
                0x08005260                DMA1_Stream2_IRQHandler
                0x08005260                FPU_IRQHandler
                0x08005260                OTG_HS_WKUP_IRQHandler
                0x08005260                FDCAN1_IT1_IRQHandler
                0x08005260                LTDC_ER_IRQHandler
                0x08005260                DMA2_Stream2_IRQHandler
                0x08005260                HRTIM1_TIME_IRQHandler
                0x08005260                SPI1_IRQHandler
                0x08005260                TIM6_DAC_IRQHandler
                0x08005260                DCMI_IRQHandler
                0x08005260                HRTIM1_TIMC_IRQHandler
                0x08005260                DMA2_Stream3_IRQHandler
                0x08005260                SAI2_IRQHandler
                0x08005260                DFSDM1_FLT3_IRQHandler
                0x08005260                USART6_IRQHandler
                0x08005260                TIM17_IRQHandler
                0x08005260                USART3_IRQHandler
                0x08005260                BDMA_Channel7_IRQHandler
                0x08005260                CRYP_IRQHandler
                0x08005260                LPTIM5_IRQHandler
                0x08005260                UART5_IRQHandler
                0x08005260                ADC3_IRQHandler
                0x08005260                DMA2_Stream0_IRQHandler
                0x08005260                TIM4_IRQHandler
                0x08005260                BDMA_Channel2_IRQHandler
                0x08005260                QUADSPI_IRQHandler
                0x08005260                I2C1_EV_IRQHandler
                0x08005260                DMA1_Stream6_IRQHandler
                0x08005260                DMAMUX1_OVR_IRQHandler
                0x08005260                DMA1_Stream1_IRQHandler
                0x08005260                TIM16_IRQHandler
                0x08005260                UART4_IRQHandler
                0x08005260                BDMA_Channel5_IRQHandler
                0x08005260                TIM3_IRQHandler
                0x08005260                RCC_IRQHandler
                0x08005260                TIM8_BRK_TIM12_IRQHandler
                0x08005260                TIM1_TRG_COM_IRQHandler
                0x08005260                Default_Handler
                0x08005260                ECC_IRQHandler
                0x08005260                CEC_IRQHandler
                0x08005260                EXTI15_10_IRQHandler
                0x08005260                BDMA_Channel0_IRQHandler
                0x08005260                ADC_IRQHandler
                0x08005260                DMA1_Stream7_IRQHandler
                0x08005260                HRTIM1_TIMA_IRQHandler
                0x08005260                SPI5_IRQHandler
                0x08005260                TIM7_IRQHandler
                0x08005260                SDMMC1_IRQHandler
                0x08005260                TIM5_IRQHandler
                0x08005260                DMA2_Stream7_IRQHandler
                0x08005260                TIM15_IRQHandler
                0x08005260                PVD_AVD_IRQHandler
                0x08005260                I2C3_EV_IRQHandler
                0x08005260                EXTI9_5_IRQHandler
                0x08005260                RTC_WKUP_IRQHandler
                0x08005260                LTDC_IRQHandler
                0x08005260                SAI3_IRQHandler
                0x08005260                ETH_WKUP_IRQHandler
                0x08005260                SPDIF_RX_IRQHandler
                0x08005260                SPI2_IRQHandler
                0x08005260                OTG_HS_EP1_IN_IRQHandler
                0x08005260                DMA1_Stream0_IRQHandler
                0x08005260                CRS_IRQHandler
                0x08005260                EXTI4_IRQHandler
                0x08005260                HRTIM1_TIMB_IRQHandler
                0x08005260                FDCAN2_IT1_IRQHandler
                0x08005260                ETH_IRQHandler
                0x08005260                BDMA_Channel4_IRQHandler
                0x08005260                OTG_HS_EP1_OUT_IRQHandler
                0x08005260                WWDG_IRQHandler
                0x08005260                SPI6_IRQHandler
                0x08005260                MDIOS_IRQHandler
                0x08005260                I2C4_EV_IRQHandler
                0x08005260                FDCAN2_IT0_IRQHandler
                0x08005260                LPUART1_IRQHandler
                0x08005260                FDCAN1_IT0_IRQHandler
                0x08005260                TIM2_IRQHandler
                0x08005260                OTG_FS_WKUP_IRQHandler
                0x08005260                OTG_HS_IRQHandler
                0x08005260                DMA2D_IRQHandler
                0x08005260                TIM1_BRK_IRQHandler
                0x08005260                EXTI1_IRQHandler
                0x08005260                SDMMC2_IRQHandler
                0x08005260                OTG_FS_EP1_OUT_IRQHandler
                0x08005260                BDMA_Channel3_IRQHandler
                0x08005260                UART7_IRQHandler
                0x08005260                MDIOS_WKUP_IRQHandler
                0x08005260                USART2_IRQHandler
                0x08005260                DFSDM1_FLT0_IRQHandler
                0x08005260                SAI4_IRQHandler
                0x08005260                I2C2_ER_IRQHandler
                0x08005260                DMA2_Stream1_IRQHandler
                0x08005260                FLASH_IRQHandler
                0x08005260                DMA2_Stream4_IRQHandler
                0x08005260                USART1_IRQHandler
                0x08005260                OTG_FS_IRQHandler
                0x08005260                SPI3_IRQHandler
                0x08005260                WAKEUP_PIN_IRQHandler
                0x08005260                DMA1_Stream4_IRQHandler
                0x08005260                OTG_FS_EP1_IN_IRQHandler
                0x08005260                I2C1_ER_IRQHandler
                0x08005260                FMC_IRQHandler
                0x08005260                FDCAN_CAL_IRQHandler
                0x08005260                SWPMI1_IRQHandler
                0x08005260                COMP1_IRQHandler
                0x08005260                LPTIM1_IRQHandler
                0x08005260                I2C4_ER_IRQHandler
                0x08005260                DMA2_Stream6_IRQHandler
                0x08005260                SAI1_IRQHandler
                0x08005260                DMA1_Stream3_IRQHandler
 .text.memset   0x08005262       0x10 C:/ProgramData/MATLAB/SupportPackages/R2024b/3P.instrset/gnuarm-armcortex.instrset/win/bin/../lib/gcc/arm-none-eabi/13.2.1/thumb/v7e-m+dp/hard\libc_nano.a(libc_a-memset.o)
                0x08005262                memset
 *fill*         0x08005272        0x2 
 .text.__libc_init_array
                0x08005274       0x48 C:/ProgramData/MATLAB/SupportPackages/R2024b/3P.instrset/gnuarm-armcortex.instrset/win/bin/../lib/gcc/arm-none-eabi/13.2.1/thumb/v7e-m+dp/hard\libc_nano.a(libc_a-init.o)
                0x08005274                __libc_init_array
 *(.glue_7)
 .glue_7        0x080052bc        0x0 linker stubs
 *(.glue_7t)
 .glue_7t       0x080052bc        0x0 linker stubs
 *(.eh_frame)
 .eh_frame      0x080052bc        0x0 C:/ProgramData/MATLAB/SupportPackages/R2024b/3P.instrset/gnuarm-armcortex.instrset/win/bin/../lib/gcc/arm-none-eabi/13.2.1/thumb/v7e-m+dp/hard/crtbegin.o
 *(.init)
 .init          0x080052bc        0x4 C:/ProgramData/MATLAB/SupportPackages/R2024b/3P.instrset/gnuarm-armcortex.instrset/win/bin/../lib/gcc/arm-none-eabi/13.2.1/thumb/v7e-m+dp/hard/crti.o
                0x080052bc                _init
 .init          0x080052c0        0x8 C:/ProgramData/MATLAB/SupportPackages/R2024b/3P.instrset/gnuarm-armcortex.instrset/win/bin/../lib/gcc/arm-none-eabi/13.2.1/thumb/v7e-m+dp/hard/crtn.o
 *(.fini)
 .fini          0x080052c8        0x4 C:/ProgramData/MATLAB/SupportPackages/R2024b/3P.instrset/gnuarm-armcortex.instrset/win/bin/../lib/gcc/arm-none-eabi/13.2.1/thumb/v7e-m+dp/hard/crti.o
                0x080052c8                _fini
 .fini          0x080052cc        0x8 C:/ProgramData/MATLAB/SupportPackages/R2024b/3P.instrset/gnuarm-armcortex.instrset/win/bin/../lib/gcc/arm-none-eabi/13.2.1/thumb/v7e-m+dp/hard/crtn.o
                0x080052d4                        . = ALIGN (0x4)
                0x080052d4                        _etext = .

.vfp11_veneer   0x080052d4        0x0
 .vfp11_veneer  0x080052d4        0x0 linker stubs

.v4_bx          0x080052d4        0x0
 .v4_bx         0x080052d4        0x0 linker stubs

.iplt           0x080052d4        0x0
 .iplt          0x080052d4        0x0 C:/ProgramData/MATLAB/SupportPackages/R2024b/3P.instrset/gnuarm-armcortex.instrset/win/bin/../lib/gcc/arm-none-eabi/13.2.1/thumb/v7e-m+dp/hard/crtbegin.o

.rodata         0x080052d4       0x54
                0x080052d4                        . = ALIGN (0x4)
 *(.rodata)
 *(.rodata*)
 .rodata.untitled_M
                0x080052d4        0x4 untitled.o
                0x080052d4                untitled_M
 .rodata.LL_RCC_PrescTable
                0x080052d8       0x10 stm32h7xx_ll_rcc.o
                0x080052d8                LL_RCC_PrescTable
 .rodata.USART_PRESCALER_TAB
                0x080052e8       0x30 stm32h7xx_ll_usart.o
 .rodata.D1CorePrescTable
                0x08005318       0x10 system_stm32h7xx.o
                0x08005318                D1CorePrescTable
                0x08005328                        . = ALIGN (0x4)

.ARM.extab
 *(.ARM.extab* .gnu.linkonce.armextab.*)

.ARM            0x08005328        0x0
                0x08005328                        __exidx_start = .
 *(.ARM.exidx*)
                0x08005328                        __exidx_end = .

.preinit_array  0x08005328        0x0
                0x08005328                        PROVIDE (__preinit_array_start = .)
 *(.preinit_array*)
                0x08005328                        PROVIDE (__preinit_array_end = .)

.init_array     0x08005328        0x4
                0x08005328                        PROVIDE (__init_array_start = .)
 *(SORT_BY_NAME(.init_array.*))
 *(.init_array*)
 .init_array    0x08005328        0x4 C:/ProgramData/MATLAB/SupportPackages/R2024b/3P.instrset/gnuarm-armcortex.instrset/win/bin/../lib/gcc/arm-none-eabi/13.2.1/thumb/v7e-m+dp/hard/crtbegin.o
                0x0800532c                        PROVIDE (__init_array_end = .)

.fini_array     0x0800532c        0x4
                [!provide]                        PROVIDE (__fini_array_start = .)
 *(SORT_BY_NAME(.fini_array.*))
 *(.fini_array*)
 .fini_array    0x0800532c        0x4 C:/ProgramData/MATLAB/SupportPackages/R2024b/3P.instrset/gnuarm-armcortex.instrset/win/bin/../lib/gcc/arm-none-eabi/13.2.1/thumb/v7e-m+dp/hard/crtbegin.o
                [!provide]                        PROVIDE (__fini_array_end = .)
                0x08005330                        _sidata = LOADADDR (.data)

.rel.dyn        0x08005330        0x0
 .rel.iplt      0x08005330        0x0 C:/ProgramData/MATLAB/SupportPackages/R2024b/3P.instrset/gnuarm-armcortex.instrset/win/bin/../lib/gcc/arm-none-eabi/13.2.1/thumb/v7e-m+dp/hard/crtbegin.o

.data           0x24000000       0x10 load address 0x08005330
                0x24000000                        . = ALIGN (0x4)
                0x24000000                        _sdata = .
 *(.data)
 *(.data*)
 .data.uwTickPrio
                0x24000000        0x4 stm32h7xx_hal.o
                0x24000000                uwTickPrio
 .data.uwTickFreq
                0x24000004        0x1 stm32h7xx_hal.o
                0x24000004                uwTickFreq
 *fill*         0x24000005        0x3 
 .data.SystemCoreClock
                0x24000008        0x4 system_stm32h7xx.o
                0x24000008                SystemCoreClock
 .data.SystemD2Clock
                0x2400000c        0x4 system_stm32h7xx.o
                0x2400000c                SystemD2Clock
 *(.RamFunc)
 *(.RamFunc*)
                0x24000010                        . = ALIGN (0x4)
                0x24000010                        _edata = .

.tm_clone_table
                0x24000010        0x0 load address 0x08005340
 .tm_clone_table
                0x24000010        0x0 C:/ProgramData/MATLAB/SupportPackages/R2024b/3P.instrset/gnuarm-armcortex.instrset/win/bin/../lib/gcc/arm-none-eabi/13.2.1/thumb/v7e-m+dp/hard/crtbegin.o
 .tm_clone_table
                0x24000010        0x0 C:/ProgramData/MATLAB/SupportPackages/R2024b/3P.instrset/gnuarm-armcortex.instrset/win/bin/../lib/gcc/arm-none-eabi/13.2.1/thumb/v7e-m+dp/hard/crtend.o

.igot.plt       0x24000010        0x0 load address 0x08005340
 .igot.plt      0x24000010        0x0 C:/ProgramData/MATLAB/SupportPackages/R2024b/3P.instrset/gnuarm-armcortex.instrset/win/bin/../lib/gcc/arm-none-eabi/13.2.1/thumb/v7e-m+dp/hard/crtbegin.o

.RxDecripSection
                0x24000010       0x60 load address 0x08005340
 .RxDecripSection
                0x24000010       0x60 main.o
                0x24000010                DMARxDscrTab

.TxDecripSection
                0x24000070       0x60 load address 0x080053a0
 .TxDecripSection
                0x24000070       0x60 main.o
                0x24000070                DMATxDscrTab
                0x240000d0                        . = ALIGN (0x4)

.bss            0x240000d0      0x54c load address 0x08005400
                0x240000d0                        _sbss = .
                0x240000d0                        __bss_start__ = _sbss
 *(.bss)
 *(.bss*)
 .bss.completed.1
                0x240000d0        0x1 C:/ProgramData/MATLAB/SupportPackages/R2024b/3P.instrset/gnuarm-armcortex.instrset/win/bin/../lib/gcc/arm-none-eabi/13.2.1/thumb/v7e-m+dp/hard/crtbegin.o
 *fill*         0x240000d1        0x3 
 .bss.object.0  0x240000d4       0x18 C:/ProgramData/MATLAB/SupportPackages/R2024b/3P.instrset/gnuarm-armcortex.instrset/win/bin/../lib/gcc/arm-none-eabi/13.2.1/thumb/v7e-m+dp/hard/crtbegin.o
 .bss.IsrOverrun
                0x240000ec        0x4 ert_main.o
                0x240000ec                IsrOverrun
 .bss.OverrunFlag
                0x240000f0        0x1 ert_main.o
 .bss.stopRequested
                0x240000f1        0x1 ert_main.o
                0x240000f1                stopRequested
 .bss.runModel  0x240000f2        0x1 ert_main.o
                0x240000f2                runModel
 *fill*         0x240000f3        0x1 
 .bss.untitled_DW
                0x240000f4        0x4 untitled.o
                0x240000f4                untitled_DW
 .bss.untitled_M_
                0x240000f8        0x4 untitled.o
 .bss.schdl_counter
                0x240000fc        0x4 SysTickScheduler.o
                0x240000fc                schdl_counter
 .bss.schdl_counter_max
                0x24000100        0x4 SysTickScheduler.o
                0x24000100                schdl_counter_max
 .bss.taskToSchedule
                0x24000104        0x4 m3m4m4f_multitasking.o
                0x24000104                taskToSchedule
 .bss.TxConfig  0x24000108       0x34 main.o
                0x24000108                TxConfig
 .bss.heth      0x2400013c       0x88 main.o
                0x2400013c                heth
 .bss.hpcd_USB_OTG_FS
                0x240001c4      0x408 main.o
                0x240001c4                hpcd_USB_OTG_FS
 .bss.htim1     0x240005cc       0x4c stm32h7xx_hal_timebase_tim.o
                0x240005cc                htim1
 .bss.uwTick    0x24000618        0x4 stm32h7xx_hal.o
                0x24000618                uwTick
 *(COMMON)
                0x2400061c                        . = ALIGN (0x4)
                0x2400061c                        _ebss = .
                0x2400061c                        __bss_end__ = _ebss

._user_heap_stack
                0x2400061c      0x604 load address 0x08005400
                0x24000620                        . = ALIGN (0x8)
 *fill*         0x2400061c        0x4 
                [!provide]                        PROVIDE (end = .)
                0x24000620                        PROVIDE (_end = .)
                0x24000820                        . = (. + _Min_Heap_Size)
 *fill*         0x24000620      0x200 
                0x24000c20                        . = (. + _Min_Stack_Size)
 *fill*         0x24000820      0x400 
                0x24000c20                        . = ALIGN (0x8)

/DISCARD/
 libc.a(*)
 libm.a(*)
 libgcc.a(*)

.ARM.attributes
                0x00000000       0x2e
 *(.ARM.attributes)
 .ARM.attributes
                0x00000000       0x20 C:/ProgramData/MATLAB/SupportPackages/R2024b/3P.instrset/gnuarm-armcortex.instrset/win/bin/../lib/gcc/arm-none-eabi/13.2.1/thumb/v7e-m+dp/hard/crti.o
 .ARM.attributes
                0x00000020       0x32 C:/ProgramData/MATLAB/SupportPackages/R2024b/3P.instrset/gnuarm-armcortex.instrset/win/bin/../lib/gcc/arm-none-eabi/13.2.1/thumb/v7e-m+dp/hard/crtbegin.o
 .ARM.attributes
                0x00000052       0x32 ert_main.o
 .ARM.attributes
                0x00000084       0x32 untitled.o
 .ARM.attributes
                0x000000b6       0x32 overrideHALDelay.o
 .ARM.attributes
                0x000000e8       0x32 platform_timer.o
 .ARM.attributes
                0x0000011a       0x32 SysTickScheduler.o
 .ARM.attributes
                0x0000014c       0x32 m3m4m4f_multitasking.o
 .ARM.attributes
                0x0000017e       0x32 main.o
 .ARM.attributes
                0x000001b0       0x32 stm32h7xx_it.o
 .ARM.attributes
                0x000001e2       0x32 stm32h7xx_hal_msp.o
 .ARM.attributes
                0x00000214       0x32 stm32h7xx_hal_timebase_tim.o
 .ARM.attributes
                0x00000246       0x32 stm32h7xx_ll_exti.o
 .ARM.attributes
                0x00000278       0x32 stm32h7xx_ll_gpio.o
 .ARM.attributes
                0x000002aa       0x32 stm32h7xx_hal_eth.o
 .ARM.attributes
                0x000002dc       0x32 stm32h7xx_ll_rcc.o
 .ARM.attributes
                0x0000030e       0x32 stm32h7xx_ll_utils.o
 .ARM.attributes
                0x00000340       0x32 stm32h7xx_hal_rcc.o
 .ARM.attributes
                0x00000372       0x32 stm32h7xx_hal_gpio.o
 .ARM.attributes
                0x000003a4       0x32 stm32h7xx_hal_cortex.o
 .ARM.attributes
                0x000003d6       0x32 stm32h7xx_hal.o
 .ARM.attributes
                0x00000408       0x32 stm32h7xx_hal_tim.o
 .ARM.attributes
                0x0000043a       0x32 stm32h7xx_hal_tim_ex.o
 .ARM.attributes
                0x0000046c       0x32 stm32h7xx_ll_usart.o
 .ARM.attributes
                0x0000049e       0x32 stm32h7xx_hal_pcd.o
 .ARM.attributes
                0x000004d0       0x32 stm32h7xx_hal_pcd_ex.o
 .ARM.attributes
                0x00000502       0x32 stm32h7xx_ll_usb.o
 .ARM.attributes
                0x00000534       0x32 system_stm32h7xx.o
 .ARM.attributes
                0x00000566       0x21 startup_stm32h753zitx.o
 .ARM.attributes
                0x00000587       0x32 C:/ProgramData/MATLAB/SupportPackages/R2024b/3P.instrset/gnuarm-armcortex.instrset/win/bin/../lib/gcc/arm-none-eabi/13.2.1/thumb/v7e-m+dp/hard\libc_nano.a(libc_a-memset.o)
 .ARM.attributes
                0x000005b9       0x32 C:/ProgramData/MATLAB/SupportPackages/R2024b/3P.instrset/gnuarm-armcortex.instrset/win/bin/../lib/gcc/arm-none-eabi/13.2.1/thumb/v7e-m+dp/hard\libc_nano.a(libc_a-init.o)
 .ARM.attributes
                0x000005eb       0x32 C:/ProgramData/MATLAB/SupportPackages/R2024b/3P.instrset/gnuarm-armcortex.instrset/win/bin/../lib/gcc/arm-none-eabi/13.2.1/thumb/v7e-m+dp/hard/crtend.o
 .ARM.attributes
                0x0000061d       0x20 C:/ProgramData/MATLAB/SupportPackages/R2024b/3P.instrset/gnuarm-armcortex.instrset/win/bin/../lib/gcc/arm-none-eabi/13.2.1/thumb/v7e-m+dp/hard/crtn.o

.dma_buffer
 *(.dma_buffer)

.bdma_buffer
 *(.bdma_buffer)
OUTPUT(../untitled.elf elf32-littlearm)
LOAD linker stubs
LOAD C:/ProgramData/MATLAB/SupportPackages/R2024b/3P.instrset/gnuarm-armcortex.instrset/win/bin/../lib/gcc/arm-none-eabi/13.2.1/thumb/v7e-m+dp/hard\libc.a
LOAD C:/ProgramData/MATLAB/SupportPackages/R2024b/3P.instrset/gnuarm-armcortex.instrset/win/bin/../lib/gcc/arm-none-eabi/13.2.1/thumb/v7e-m+dp/hard\libm.a
LOAD C:/ProgramData/MATLAB/SupportPackages/R2024b/3P.instrset/gnuarm-armcortex.instrset/win/bin/../lib/gcc/arm-none-eabi/13.2.1/thumb/v7e-m+dp/hard\libgcc.a

.comment        0x00000000       0x44
 .comment       0x00000000       0x44 ert_main.o
                                 0x45 (size before relaxing)
 .comment       0x00000044       0x45 untitled.o
 .comment       0x00000044       0x45 overrideHALDelay.o
 .comment       0x00000044       0x45 platform_timer.o
 .comment       0x00000044       0x45 SysTickScheduler.o
 .comment       0x00000044       0x45 m3m4m4f_multitasking.o
 .comment       0x00000044       0x45 main.o
 .comment       0x00000044       0x45 stm32h7xx_it.o
 .comment       0x00000044       0x45 stm32h7xx_hal_msp.o
 .comment       0x00000044       0x45 stm32h7xx_hal_timebase_tim.o
 .comment       0x00000044       0x45 stm32h7xx_ll_exti.o
 .comment       0x00000044       0x45 stm32h7xx_ll_gpio.o
 .comment       0x00000044       0x45 stm32h7xx_hal_eth.o
 .comment       0x00000044       0x45 stm32h7xx_ll_rcc.o
 .comment       0x00000044       0x45 stm32h7xx_ll_utils.o
 .comment       0x00000044       0x45 stm32h7xx_hal_rcc.o
 .comment       0x00000044       0x45 stm32h7xx_hal_gpio.o
 .comment       0x00000044       0x45 stm32h7xx_hal_cortex.o
 .comment       0x00000044       0x45 stm32h7xx_hal.o
 .comment       0x00000044       0x45 stm32h7xx_hal_tim.o
 .comment       0x00000044       0x45 stm32h7xx_hal_tim_ex.o
 .comment       0x00000044       0x45 stm32h7xx_ll_usart.o
 .comment       0x00000044       0x45 stm32h7xx_hal_pcd.o
 .comment       0x00000044       0x45 stm32h7xx_hal_pcd_ex.o
 .comment       0x00000044       0x45 stm32h7xx_ll_usb.o
 .comment       0x00000044       0x45 system_stm32h7xx.o

.debug_frame    0x00000000       0x4c
 .debug_frame   0x00000000       0x20 C:/ProgramData/MATLAB/SupportPackages/R2024b/3P.instrset/gnuarm-armcortex.instrset/win/bin/../lib/gcc/arm-none-eabi/13.2.1/thumb/v7e-m+dp/hard\libc_nano.a(libc_a-memset.o)
 .debug_frame   0x00000020       0x2c C:/ProgramData/MATLAB/SupportPackages/R2024b/3P.instrset/gnuarm-armcortex.instrset/win/bin/../lib/gcc/arm-none-eabi/13.2.1/thumb/v7e-m+dp/hard\libc_nano.a(libc_a-init.o)
